[peacefulqode.com/themes/techtrix/html/main-home.html]
[backblue.gif]
[fade.gif]
[index.html]
[peacefulqode.com/themes/techtrix/html/images/favicon.ico]
[peacefulqode.com/themes/techtrix/html/css/bootstrap.min.css]
[peacefulqode.com/themes/techtrix/html/rev/fonts/pe-icon-7-stroke/css/pe-icon-7-stroke.css]
[peacefulqode.com/themes/techtrix/html/rev/fonts/font-awesome/css/font-awesome.css]
[peacefulqode.com/themes/techtrix/html/rev/css/rs6.css]
[peacefulqode.com/themes/techtrix/html/css/owl.carousel.min.css]
[peacefulqode.com/themes/techtrix/html/css/animations.min.css]
[peacefulqode.com/themes/techtrix/html/css/magnific-popup.min.css]
[peacefulqode.com/themes/techtrix/html/fonts/font-awesome/css/all.min.css]
[peacefulqode.com/themes/techtrix/html/fonts/flaticon/font/flaticon.css]
[peacefulqode.com/themes/techtrix/html/css/ionicons.min.css]
[peacefulqode.com/themes/techtrix/html/fonts/themify-icons/themify-icons.css]
[peacefulqode.com/themes/techtrix/html/css/style.css]
[peacefulqode.com/themes/techtrix/html/css/responsive.css]
[peacefulqode.com/themes/techtrix/html/images/logos/logo-1.png]
[peacefulqode.com/themes/techtrix/html/images/logos/logo.png]
[peacefulqode.com/themes/techtrix/html/home-modern.html]
[peacefulqode.com/themes/techtrix/html/start-up-home.html]
[peacefulqode.com/themes/techtrix/html/it-agency.html]
[peacefulqode.com/themes/techtrix/html/software-company.html]
[peacefulqode.com/themes/techtrix/html/home-classic.html]
[peacefulqode.com/themes/techtrix/html/one-page.html]
[peacefulqode.com/themes/techtrix/html/one-page-2.html]
[peacefulqode.com/themes/techtrix/html/one-page-3.html]
[peacefulqode.com/themes/techtrix/html/software-development.html]
[peacefulqode.com/themes/techtrix/html/web-development.html]
[peacefulqode.com/themes/techtrix/html/mobile-development.html]
[peacefulqode.com/themes/techtrix/html/app-development.html]
[peacefulqode.com/themes/techtrix/html/qa-testing.html]
[peacefulqode.com/themes/techtrix/html/product-portfolio-single.html]
[peacefulqode.com/themes/techtrix/html/about-us.html]
[peacefulqode.com/themes/techtrix/html/services.html]
[peacefulqode.com/themes/techtrix/html/our-team.html]
[peacefulqode.com/themes/techtrix/html/leadership.html]
[peacefulqode.com/themes/techtrix/html/pricing-plan.html]
[peacefulqode.com/themes/techtrix/html/faq.html]
[peacefulqode.com/themes/techtrix/html/404.html]
[peacefulqode.com/themes/techtrix/html/standard.html]
[peacefulqode.com/themes/techtrix/html/masonry.html]
[peacefulqode.com/themes/techtrix/html/masonry-joined.html]
[peacefulqode.com/themes/techtrix/html/2-columns.html]
[peacefulqode.com/themes/techtrix/html/3-columns.html]
[peacefulqode.com/themes/techtrix/html/3-columns-wide.html]
[peacefulqode.com/themes/techtrix/html/4-columns-wide.html]
[peacefulqode.com/themes/techtrix/html/portfolio-single.html]
[peacefulqode.com/themes/techtrix/html/one-column-blog.html]
[peacefulqode.com/themes/techtrix/html/two-column-blog.html]
[peacefulqode.com/themes/techtrix/html/three-column-blog.html]
[peacefulqode.com/themes/techtrix/html/blog-right-sidebar.html]
[peacefulqode.com/themes/techtrix/html/blog-left-sidebar.html]
[peacefulqode.com/themes/techtrix/html/app-promotes-sales-profits-in-it-solutions.html]
[peacefulqode.com/themes/techtrix/html/contact-us.html]
[peacefulqode.com/themes/techtrix/html/rev/assets/2-2.jpg]
[peacefulqode.com/themes/techtrix/html/rev/assets/bg-1.jpg]
[peacefulqode.com/themes/techtrix/html/rev/assets/banner01.jpg]
[peacefulqode.com/themes/techtrix/html/rev/assets/banner03.jpg]
[peacefulqode.com/themes/techtrix/html/app-devlopment.html]
[peacefulqode.com/themes/techtrix/html/web-devlpopment.html]
[peacefulqode.com/themes/techtrix/html/web-devlopment.html]
[peacefulqode.com/themes/techtrix/html/images/about-us/1.png]
[peacefulqode.com/themes/techtrix/html/images/about-us/2.jpg]
[peacefulqode.com/themes/techtrix/html/images/about-us/2.png]
[peacefulqode.com/themes/techtrix/html/images/pop-up-video/1.jpg]
[peacefulqode.com/themes/techtrix/html/images/portfolio/1.jpg]
[peacefulqode.com/themes/techtrix/html/images/portfolio/2.jpg]
[peacefulqode.com/themes/techtrix/html/images/portfolio/3.jpg]
[peacefulqode.com/themes/techtrix/html/images/portfolio/4.jpg]
[peacefulqode.com/themes/techtrix/html/images/portfolio/5.jpg]
[peacefulqode.com/themes/techtrix/html/images/portfolio/6.jpg]
[peacefulqode.com/themes/techtrix/html/images/portfolio/7.jpg]
[peacefulqode.com/themes/techtrix/html/images/portfolio/8.jpg]
[peacefulqode.com/themes/techtrix/html/images/portfolio/9.jpg]
[peacefulqode.com/themes/techtrix/html/images/portfolio/10.jpg]
[peacefulqode.com/themes/techtrix/html/images/testimonial/carousel/1.jpg]
[peacefulqode.com/themes/techtrix/html/images/testimonial/carousel/2.png]
[peacefulqode.com/themes/techtrix/html/images/testimonial/carousel/3.jpg]
[peacefulqode.com/themes/techtrix/html/images/testimonial/1.jpg]
[peacefulqode.com/themes/techtrix/html/images/blog/1.jpg]
[peacefulqode.com/themes/techtrix/html/images/blog/2.jpg]
[peacefulqode.com/themes/techtrix/html/images/blog/3.jpg]
[peacefulqode.com/themes/techtrix/html/images/blog/4.jpg]
[peacefulqode.com/themes/techtrix/html/images/blog/5.jpg]
[peacefulqode.com/themes/techtrix/html/images/blog/6.jpg]
[peacefulqode.com/themes/techtrix/html/images/blog/7.jpg]
[peacefulqode.com/themes/techtrix/html/images/blog/8.jpg]
[peacefulqode.com/themes/techtrix/html/images/blog/9.jpg]
[peacefulqode.com/themes/techtrix/html/images/logos/footer-logo.png]
[peacefulqode.com/themes/techtrix/html/images/footer-blog/1.jpg]
[peacefulqode.com/themes/techtrix/html/images/footer-blog/2.jpg]
[peacefulqode.com/themes/techtrix/html/js/jquery.min.js]
[peacefulqode.com/themes/techtrix/html/js/bootstrap.min.js]
[peacefulqode.com/themes/techtrix/html/js/owl.carousel.min.js]
[peacefulqode.com/themes/techtrix/html/js/isotope.pkgd.min.js]
[peacefulqode.com/themes/techtrix/html/js/jquery.countTo.min.js]
[peacefulqode.com/themes/techtrix/html/js/jquery.magnific-popup.min.js]
[peacefulqode.com/themes/techtrix/html/js/wow.min.js]
[peacefulqode.com/themes/techtrix/html/rev/js/rbtools.min.js]
[peacefulqode.com/themes/techtrix/html/rev/js/rs6.min.js]
[peacefulqode.com/themes/techtrix/html/js/rev-custom.js]
[peacefulqode.com/themes/techtrix/html/js/rough-script.js]
[peacefulqode.com/themes/techtrix/html/js/rough-notation.iife.js]
[peacefulqode.com/themes/techtrix/html/js/rough-custom.js]
[peacefulqode.com/themes/techtrix/html/js/custom.js]
[peacefulqode.com/themes/techtrix/html/main-home.html]
[peacefulqode.com/themes/techtrix/html/css/bootstrap.min.css]
[peacefulqode.com/themes/techtrix/html/rev/fonts/pe-icon-7-stroke/fonts/Pe-icon-7-strokebb1d.eot]
[peacefulqode.com/themes/techtrix/html/rev/fonts/pe-icon-7-stroke/fonts/Pe-icon-7-stroked41d.eot]
[peacefulqode.com/themes/techtrix/html/rev/fonts/pe-icon-7-stroke/fonts/Pe-icon-7-strokebb1d.woff]
[peacefulqode.com/themes/techtrix/html/rev/fonts/pe-icon-7-stroke/fonts/Pe-icon-7-strokebb1d.ttf]
[peacefulqode.com/themes/techtrix/html/rev/fonts/pe-icon-7-stroke/css/pe-icon-7-stroke.css]
[peacefulqode.com/themes/techtrix/html/rev/fonts/pe-icon-7-stroke/fonts/Pe-icon-7-strokebb1d.svg]
[peacefulqode.com/themes/techtrix/html/rev/fonts/font-awesome/fonts/fontawesome-webfont3e6e.eot]
[peacefulqode.com/themes/techtrix/html/rev/fonts/font-awesome/fonts/fontawesome-webfontd41d.eot]
[peacefulqode.com/themes/techtrix/html/rev/fonts/font-awesome/fonts/fontawesome-webfont3e6e.woff2]
[peacefulqode.com/themes/techtrix/html/rev/fonts/font-awesome/fonts/fontawesome-webfont3e6e.woff]
[peacefulqode.com/themes/techtrix/html/rev/fonts/font-awesome/fonts/fontawesome-webfont3e6e.ttf]
[peacefulqode.com/themes/techtrix/html/rev/fonts/font-awesome/css/font-awesome.css]
[peacefulqode.com/themes/techtrix/html/rev/fonts/font-awesome/fonts/fontawesome-webfont3e6e.svg]
[peacefulqode.com/themes/techtrix/html/rev/fonts/revicons/revicons90c6.eot]
[peacefulqode.com/themes/techtrix/html/rev/fonts/revicons/revicons90c6.woff]
[peacefulqode.com/themes/techtrix/html/rev/fonts/revicons/revicons90c6.ttf]
[peacefulqode.com/themes/techtrix/html/rev/fonts/revicons/revicons90c6.svg]
[peacefulqode.com/themes/techtrix/html/rev/css/openhand.cur]
[peacefulqode.com/themes/techtrix/html/rev/css/closedhand.cur]
[peacefulqode.com/themes/techtrix/html/rev/assets/gridtile.png]
[peacefulqode.com/themes/techtrix/html/rev/assets/gridtile_white.png]
[peacefulqode.com/themes/techtrix/html/rev/assets/gridtile_3x3.png]
[peacefulqode.com/themes/techtrix/html/rev/assets/gridtile_3x3_white.png]
[peacefulqode.com/themes/techtrix/html/rev/assets/coloredbg.png]
[peacefulqode.com/themes/techtrix/html/rev/assets/loader.gif]
[peacefulqode.com/themes/techtrix/html/rev/css/rs6.css]
[peacefulqode.com/themes/techtrix/html/css/owl.video.play.png]
[peacefulqode.com/themes/techtrix/html/css/owl.carousel.min.css]
[peacefulqode.com/themes/techtrix/html/css/animations.min.css]
[peacefulqode.com/themes/techtrix/html/css/magnific-popup.min.css]
[peacefulqode.com/themes/techtrix/html/fonts/font-awesome/webfonts/fa-brands-400.woff2]
[peacefulqode.com/themes/techtrix/html/fonts/font-awesome/webfonts/fa-brands-400.ttf]
[peacefulqode.com/themes/techtrix/html/fonts/font-awesome/webfonts/fa-regular-400.woff2]
[peacefulqode.com/themes/techtrix/html/fonts/font-awesome/webfonts/fa-regular-400.ttf]
[peacefulqode.com/themes/techtrix/html/fonts/font-awesome/webfonts/fa-solid-900.woff2]
[peacefulqode.com/themes/techtrix/html/fonts/font-awesome/css/all.min.css]
[peacefulqode.com/themes/techtrix/html/fonts/flaticon/font/Flaticon.eot]
[peacefulqode.com/themes/techtrix/html/fonts/font-awesome/webfonts/fa-solid-900.ttf]
[peacefulqode.com/themes/techtrix/html/fonts/flaticon/font/Flaticond41d.eot]
[peacefulqode.com/themes/techtrix/html/fonts/flaticon/font/Flaticon.woff2]
[peacefulqode.com/themes/techtrix/html/fonts/flaticon/font/Flaticon.woff]
[peacefulqode.com/themes/techtrix/html/fonts/flaticon/font/Flaticon.ttf]
[peacefulqode.com/themes/techtrix/html/fonts/flaticon/font/flaticon.css]
[peacefulqode.com/themes/techtrix/html/fonts/flaticon/font/Flaticon.svg]
[peacefulqode.com/themes/techtrix/html/fonts/ionicons/ionicons28b5.eot]
[peacefulqode.com/themes/techtrix/html/fonts/ionicons/ionicons28b5.ttf]
[peacefulqode.com/themes/techtrix/html/fonts/ionicons/ionicons28b5.woff]
[peacefulqode.com/themes/techtrix/html/css/ionicons.min.css]
[peacefulqode.com/themes/techtrix/html/fonts/ionicons/ionicons28b5.svg]
[peacefulqode.com/themes/techtrix/html/fonts/themify-icons/themify9f24.eot]
[peacefulqode.com/themes/techtrix/html/fonts/themify-icons/themifyd41d.eot]
[peacefulqode.com/themes/techtrix/html/fonts/themify-icons/themify9f24.woff]
[peacefulqode.com/themes/techtrix/html/fonts/themify-icons/themify9f24.ttf]
[peacefulqode.com/themes/techtrix/html/fonts/themify-icons/themify-icons.css]
[peacefulqode.com/themes/techtrix/html/fonts/themify-icons/themify9f24.svg]
[peacefulqode.com/themes/techtrix/html/images/footer/1.png]
[peacefulqode.com/themes/techtrix/html/images/bg-images/1.png]
[peacefulqode.com/themes/techtrix/html/images/bg-images/2.png]
[peacefulqode.com/themes/techtrix/html/images/bg-images/1.jpg]
[peacefulqode.com/themes/techtrix/html/images/bg-images/2.jpg]
[peacefulqode.com/themes/techtrix/html/css/style.css]
[peacefulqode.com/themes/techtrix/html/css/responsive.css]
[peacefulqode.com/themes/techtrix/html/images/bg-images/3.jpg]
[peacefulqode.com/themes/techtrix/html/css/progressbar.css]
[peacefulqode.com/themes/techtrix/html/product-design.html]
[peacefulqode.com/themes/techtrix/html/rev/assets/banner.jpg]
[peacefulqode.com/themes/techtrix/html/rev/assets/banner4.jpg]
[peacefulqode.com/themes/techtrix/html/rev/assets/banner5.jpg]
[peacefulqode.com/themes/techtrix/html/images/about-us/1.jpg]
[peacefulqode.com/themes/techtrix/html/images/about-us/3.jpg]
[peacefulqode.com/themes/techtrix/html/images/support/1.jpg]
[peacefulqode.com/themes/techtrix/html/images/grid/1.jpg]
[peacefulqode.com/themes/techtrix/html/images/grid/2.jpg]
[peacefulqode.com/themes/techtrix/html/images/grid/3.jpg]
[peacefulqode.com/themes/techtrix/html/images/grid/4.jpg]
[peacefulqode.com/themes/techtrix/html/images/grid/5.jpg]
[peacefulqode.com/themes/techtrix/html/images/grid/6.jpg]
[peacefulqode.com/themes/techtrix/html/images/grid/7.jpg]
[peacefulqode.com/themes/techtrix/html/images/grid/8.jpg]
[peacefulqode.com/themes/techtrix/html/images/client/1.png]
[peacefulqode.com/themes/techtrix/html/images/client/2.png]
[peacefulqode.com/themes/techtrix/html/images/client/3.png]
[peacefulqode.com/themes/techtrix/html/images/client/4.png]
[peacefulqode.com/themes/techtrix/html/images/client/5.png]
[peacefulqode.com/themes/techtrix/html/images/team/1.jpg]
[peacefulqode.com/themes/techtrix/html/js/progressbar.js]
[peacefulqode.com/themes/techtrix/html/home-modern.html]
[peacefulqode.com/themes/techtrix/html/rev/assets/baennr.jpg]
[peacefulqode.com/themes/techtrix/html/rev/assets/beannr-2-1.jpg]
[peacefulqode.com/themes/techtrix/html/images/about-us/4.jpg]
[peacefulqode.com/themes/techtrix/html/images/about-us/5.jpg]
[peacefulqode.com/themes/techtrix/html/images/client/6.png]
[peacefulqode.com/themes/techtrix/html/images/image-box/1.jpg]
[peacefulqode.com/themes/techtrix/html/images/image-box/2.jpg]
[peacefulqode.com/themes/techtrix/html/images/image-box/3.jpg]
[peacefulqode.com/themes/techtrix/html/images/whatwedo/1.jpg]
[peacefulqode.com/themes/techtrix/html/problem-solutions.html]
[peacefulqode.com/themes/techtrix/html/images/team/2.jpg]
[peacefulqode.com/themes/techtrix/html/images/team/3.jpg]
[peacefulqode.com/themes/techtrix/html/images/team/4.jpg]
[peacefulqode.com/themes/techtrix/html/images/team/5.jpg]
[peacefulqode.com/themes/techtrix/html/images/team/6.jpg]
[peacefulqode.com/themes/techtrix/html/images/team/7.jpg]
[peacefulqode.com/themes/techtrix/html/images/about-us/3.png]
[peacefulqode.com/themes/techtrix/html/start-up-home.html]
[peacefulqode.com/themes/techtrix/html/rev/assets/banner-1-1.jpg]
[peacefulqode.com/themes/techtrix/html/rev/assets/banner-2-1.jpg]
[peacefulqode.com/themes/techtrix/html/images/create/1.jpg]
[peacefulqode.com/themes/techtrix/html/images/create/2.jpg]
[peacefulqode.com/themes/techtrix/html/images/about-us/7.jpg]
[peacefulqode.com/themes/techtrix/html/images/benefits/2.jpg]
[peacefulqode.com/themes/techtrix/html/images/arrow-1.png]
[peacefulqode.com/themes/techtrix/html/images/arrow-2.png]
[peacefulqode.com/themes/techtrix/html/images/award/1.png]
[peacefulqode.com/themes/techtrix/html/images/award/2.png]
[peacefulqode.com/themes/techtrix/html/images/award/3.svg]
[peacefulqode.com/themes/techtrix/html/images/award/4.png]
[peacefulqode.com/themes/techtrix/html/images/testimonial/carousel/2.jpg]
[peacefulqode.com/themes/techtrix/html/it-agency.html]
[peacefulqode.com/themes/techtrix/html/rev/assets/banner-1-home-6.jpg]
[peacefulqode.com/themes/techtrix/html/rev/assets/banner-2-home-6.jpg]
[peacefulqode.com/themes/techtrix/html/images/about-us/11.jpg]
[peacefulqode.com/themes/techtrix/html/images/about-us/12.jpg]
[peacefulqode.com/themes/techtrix/html/software-company.html]
[peacefulqode.com/themes/techtrix/html/images/testimonial/4.jpg]
[peacefulqode.com/themes/techtrix/html/css/roundslider.css]
[peacefulqode.com/themes/techtrix/html/rev/assets/bg-6.jpg]
[peacefulqode.com/themes/techtrix/html/rev/assets/img-1.png]
[peacefulqode.com/themes/techtrix/html/rev/assets/img-arrow.png]
[peacefulqode.com/themes/techtrix/html/rev/assets/img-2.png]
[peacefulqode.com/themes/techtrix/html/images/about-us/10.jpg]
[peacefulqode.com/themes/techtrix/html/images/round-slider/1.jpg]
[peacefulqode.com/themes/techtrix/html/images/round-slider/2.jpg]
[peacefulqode.com/themes/techtrix/html/images/tabs/1.jpg]
[peacefulqode.com/themes/techtrix/html/images/tabs/2.jpg]
[peacefulqode.com/themes/techtrix/html/images/tabs/3.jpg]
[peacefulqode.com/themes/techtrix/html/images/tabs/4.jpg]
[peacefulqode.com/themes/techtrix/html/images/benefits/1.jpg]
[peacefulqode.com/themes/techtrix/html/images/1.png]
[peacefulqode.com/themes/techtrix/html/home-classic.html]
[peacefulqode.com/themes/techtrix/html/one-page.html]
[peacefulqode.com/themes/techtrix/html/one-page-2.html]
[peacefulqode.com/themes/techtrix/html/one-page-3.html]
[peacefulqode.com/themes/techtrix/html/images/pricing-plan/1.png]
[peacefulqode.com/themes/techtrix/html/software-development.html]
[peacefulqode.com/themes/techtrix/html/web-development.html]
[peacefulqode.com/themes/techtrix/html/mobile-development.html]
[peacefulqode.com/themes/techtrix/html/app-development.html]
[peacefulqode.com/themes/techtrix/html/qa-testing.html]
[peacefulqode.com/themes/techtrix/html/product-portfolio-single.html]
[peacefulqode.com/themes/techtrix/html/images/ad.jpg]
[peacefulqode.com/themes/techtrix/html/images/about-us/6.jpg]
[peacefulqode.com/themes/techtrix/html/images/about-us/8.jpg]
[peacefulqode.com/themes/techtrix/html/images/about-us/9.jpg]
[peacefulqode.com/themes/techtrix/html/about-us.html]
[peacefulqode.com/themes/techtrix/html/services.html]
[peacefulqode.com/themes/techtrix/html/our-team.html]
[peacefulqode.com/themes/techtrix/html/leadership.html]
[peacefulqode.com/themes/techtrix/html/pricing-plan.html]
[peacefulqode.com/themes/techtrix/html/images/about-us/1.svg]
[peacefulqode.com/themes/techtrix/html/faq.html]
[peacefulqode.com/themes/techtrix/html/404.html]
[peacefulqode.com/themes/techtrix/html/images/faq/1.jpg]
[peacefulqode.com/themes/techtrix/html/standard.html]
[peacefulqode.com/themes/techtrix/html/masonry.html]
[peacefulqode.com/themes/techtrix/html/masonry-joined.html]
[peacefulqode.com/themes/techtrix/html/2-columns.html]
[peacefulqode.com/themes/techtrix/html/3-columns.html]
[peacefulqode.com/themes/techtrix/html/3-columns-wide.html]
[peacefulqode.com/themes/techtrix/html/4-columns-wide.html]
[peacefulqode.com/themes/techtrix/html/js/load-more.js]
[peacefulqode.com/themes/techtrix/html/images/portfolio/portfolio-single/1.jpg]
[peacefulqode.com/themes/techtrix/html/images/portfolio/portfolio-single/2.jpg]
[peacefulqode.com/themes/techtrix/html/images/portfolio/portfolio-single/3.jpg]
[peacefulqode.com/themes/techtrix/html/professional-services.html]
[peacefulqode.com/themes/techtrix/html/data-protection.html]
[peacefulqode.com/themes/techtrix/html/portfolio-single.html]
[peacefulqode.com/themes/techtrix/html/images/footer-blog/3.jpg]
[peacefulqode.com/themes/techtrix/html/cloud-computing.html]
[peacefulqode.com/themes/techtrix/html/cyber-security.html]
[peacefulqode.com/themes/techtrix/html/device-management.html]
[peacefulqode.com/themes/techtrix/html/events.html]
[peacefulqode.com/themes/techtrix/html/on-demand-it.html]
[peacefulqode.com/themes/techtrix/html/one-column-blog.html]
[peacefulqode.com/themes/techtrix/html/two-column-blog.html]
[peacefulqode.com/themes/techtrix/html/three-column-blog.html]
[peacefulqode.com/themes/techtrix/html/blog-right-sidebar.html]
[peacefulqode.com/themes/techtrix/html/blog-left-sidebar.html]
[peacefulqode.com/themes/techtrix/html/app-promotes-sales-profits-in-it-solutions.html]
[peacefulqode.com/themes/techtrix/html/contact-us.html]
[peacefulqode.com/themes/techtrix/html/app-devlopment.html]
[peacefulqode.com/themes/techtrix/html/web-devlpopment.html]
[peacefulqode.com/themes/techtrix/html/web-devlopment.html]
[peacefulqode.com/themes/techtrix/html/rev/fonts/pe-icon-7-stroke/fonts/Pe-icon-7-strokebb1d.svg]
[peacefulqode.com/themes/techtrix/html/rev/fonts/font-awesome/fonts/fontawesome-webfont3e6e.html]
[peacefulqode.com/themes/techtrix/html/rev/fonts/font-awesome/fonts/fontawesome-webfont3e6e.svg]
[peacefulqode.com/themes/techtrix/html/rev/fonts/revicons/revicons90c6.svg]
[peacefulqode.com/themes/techtrix/html/rev/css/openhand.html]
[peacefulqode.com/themes/techtrix/html/rev/css/closedhand.html]
[peacefulqode.com/themes/techtrix/html/rev/assets/gridtile.html]
[peacefulqode.com/themes/techtrix/html/rev/assets/gridtile_white.html]
[peacefulqode.com/themes/techtrix/html/rev/assets/gridtile_3x3.html]
[peacefulqode.com/themes/techtrix/html/rev/assets/gridtile_3x3_white.html]
[peacefulqode.com/themes/techtrix/html/rev/assets/coloredbg.html]
[peacefulqode.com/themes/techtrix/html/rev/assets/loader.html]
[peacefulqode.com/themes/techtrix/html/css/owl.video.play.html]
[peacefulqode.com/themes/techtrix/html/fonts/flaticon/font/Flaticon.svg]
[peacefulqode.com/themes/techtrix/html/fonts/ionicons/ionicons28b5.svg]
[peacefulqode.com/themes/techtrix/html/fonts/themify-icons/themify9f24.svg]
[peacefulqode.com/themes/techtrix/html/css/progressbar.css]
[peacefulqode.com/themes/techtrix/html/product-design.html]
[peacefulqode.com/themes/techtrix/html/problem-solutions.html]
[peacefulqode.com/themes/techtrix/html/images/award/3.svg]
[peacefulqode.com/themes/techtrix/html/css/roundslider.css]
[peacefulqode.com/themes/techtrix/html/images/about-us/1.svg]
[peacefulqode.com/themes/techtrix/html/professional-services.html]
[peacefulqode.com/themes/techtrix/html/data-protection.html]
[peacefulqode.com/themes/techtrix/html/cloud-computing.html]
[peacefulqode.com/themes/techtrix/html/cyber-security.html]
[peacefulqode.com/themes/techtrix/html/device-management.html]
[peacefulqode.com/themes/techtrix/html/events.html]
[peacefulqode.com/themes/techtrix/html/on-demand-it.html]
[peacefulqode.com/themes/techtrix/html/images/blog/blog-single/1.png]
